// Jest Snapshot v1, https://goo.gl/fbAQLP

exports[`Testing MinimalHeader component: Renders correctly. 1`] = `
<header
  className="minimal-header"
/>
`;
